// Jest Snapshot v1, https://goo.gl/fbAQLP

exports[`Navbar component renders component to match the previous snapshot 1`] = `
<header>
  <h1>
    Math Magicians
  </h1>
  <ul
    className="navMenu"
  >
    <a
      href="/"
      onClick={[Function]}
    >
      Home
    </a>
    <a
      href="/calculator"
      onClick={[Function]}
    >
      Calculator
    </a>
    <a
      href="/quote"
      onClick={[Function]}
    >
      Quote
    </a>
  </ul>
</header>
`;
